2026-08-02 00:45:32,516 | INFO | Starting Tao Te Ching expansion build
2026-08-02 00:45:32,518 | INFO | Skipped Daode jing 道德經.html: translator name could not be parsed from filename
2026-08-02 00:45:32,518 | INFO | Discovered Das Tao Te King von Aalar Fex.html -> Aalar Fex
2026-08-02 00:45:32,518 | INFO | Discovered Das Tao Te King von Agnieszka Solska.html -> Agnieszka Solska
2026-08-02 00:45:32,518 | INFO | Discovered Das Tao Te King von Alan B. Taplow.html -> Alan B. Taplow
2026-08-02 00:45:32,518 | INFO | Discovered Das Tao Te King von Alan Sheets & Barbara Tovey.html -> Alan Sheets & Barbara Tovey
2026-08-02 00:45:32,518 | INFO | Discovered Das Tao Te King von Andre Gauthier.html -> Andre Gauthier
2026-08-02 00:45:32,519 | INFO | Discovered Das Tao Te King von Bradford Hatcher.html -> Bradford Hatcher
2026-08-02 00:45:32,519 | INFO | Discovered Das Tao Te King von Bram den Hond.html -> Bram den Hond
2026-08-02 00:45:32,519 | INFO | Discovered Das Tao Te King von Brian Browne Walker.html -> Brian Browne Walker
2026-08-02 00:45:32,519 | INFO | Discovered Das Tao Te King von Brian Donohue.html -> Brian Donohue
2026-08-02 00:45:32,519 | INFO | Discovered Das Tao Te King von C. Spurgeon Medhurst.html -> C. Spurgeon Medhurst
2026-08-02 00:45:32,519 | INFO | Discovered Das Tao Te King von Ch'u Ta-Kao.html -> Ch'u Ta-Kao
2026-08-02 00:45:32,519 | INFO | Discovered Das Tao Te King von Chichung Huang.html -> Chichung Huang
2026-08-02 00:45:32,519 | INFO | Discovered Das Tao Te King von D.T. Suzuki & Paul Carus.html -> D.T. Suzuki & Paul Carus
2026-08-02 00:45:32,519 | INFO | Discovered Das Tao Te King von David H. Li.html -> David H. Li
2026-08-02 00:45:32,519 | INFO | Discovered Das Tao Te King von David Hinton.html -> David Hinton
2026-08-02 00:45:32,520 | INFO | Discovered Das Tao Te King von Dwight Goddard.html -> Dwight Goddard
2026-08-02 00:45:32,520 | INFO | Discovered Das Tao Te King von Frank J. MacHovec.html -> Frank J. MacHovec
2026-08-02 00:45:32,520 | INFO | Discovered Das Tao Te King von George Cronk.html -> George Cronk
2026-08-02 00:45:32,520 | INFO | Discovered Das Tao Te King von Gu Zhengkun.html -> Gu Zhengkun
2026-08-02 00:45:32,520 | INFO | Discovered Das Tao Te King von Ha Poong Kim.html -> Ha Poong Kim
2026-08-02 00:45:32,520 | INFO | Discovered Das Tao Te King von Han Hiong Tan.html -> Han Hiong Tan
2026-08-02 00:45:32,520 | INFO | Discovered Das Tao Te King von Henry Wei.html -> Henry Wei
2026-08-02 00:45:32,520 | INFO | Discovered Das Tao Te King von Herman Ould.html -> Herman Ould
2026-08-02 00:45:32,520 | INFO | Discovered Das Tao Te King von Herrymon Maurer.html -> Herrymon Maurer
2026-08-02 00:45:32,520 | INFO | Discovered Das Tao Te King von Hua-Ching Ni.html -> Hua-Ching Ni
2026-08-02 00:45:32,521 | INFO | Discovered Das Tao Te King von Isabella Mears.html -> Isabella Mears
2026-08-02 00:45:32,521 | INFO | Discovered Das Tao Te King von John Dicus.html -> John Dicus
2026-08-02 00:45:32,521 | INFO | Discovered Das Tao Te King von John Heider.html -> John Heider
2026-08-02 00:45:32,521 | INFO | Discovered Das Tao Te King von Karl Kromal.html -> Karl Kromal
2026-08-02 00:45:32,521 | INFO | Discovered Das Tao Te King von Keith H. Seddon.html -> Keith H. Seddon
2026-08-02 00:45:32,521 | INFO | Discovered Das Tao Te King von Mikhail Nikolenko.html -> Mikhail Nikolenko
2026-08-02 00:45:32,521 | INFO | Discovered Das Tao Te King von R.L. Wing.html -> R.L. Wing
2026-08-02 00:45:32,521 | INFO | Discovered Das Tao Te King von Ray Larose.html -> Ray Larose
2026-08-02 00:45:32,521 | INFO | Discovered Das Tao Te King von Ren Jiyu.html -> Ren Jiyu
2026-08-02 00:45:32,521 | INFO | Discovered Das Tao Te King von Schmidt.html -> Schmidt
2026-08-02 00:45:32,522 | INFO | Discovered Das Tao Te King von Shi Fu Hwang.html -> Shi Fu Hwang
2026-08-02 00:45:32,522 | INFO | Discovered Das Tao Te King von Tang Zi-chang.html -> Tang Zi-chang
2026-08-02 00:45:32,522 | INFO | Discovered Das Tao Te King von Thomas Z. Zhang.html -> Thomas Z. Zhang
2026-08-02 00:45:32,522 | INFO | Discovered Das Tao Te King von Tien Cong Tran.html -> Tien Cong Tran
2026-08-02 00:45:32,522 | INFO | Discovered Das Tao Te King von Walter Gorn-Old.html -> Walter Gorn-Old
2026-08-02 00:45:32,522 | INFO | Discovered Das Tao Te King von William Martin.html -> William Martin
2026-08-02 00:45:32,522 | INFO | Discovered Das Tao Te King von Xiaolin Yang.html -> Xiaolin Yang
2026-08-02 00:45:32,522 | INFO | Discovered Das Tao Te King von Yasuhiko Genku Kimura.html -> Yasuhiko Genku Kimura
2026-08-02 00:45:32,522 | INFO | Skipped THE TAO TE CHING. (The Principle of Nature and Its Attrib... _ Internet Sacred Text Archive.html: translator name could not be parsed from filename
2026-08-02 00:45:32,523 | INFO | Discovered Tao Te Chig, English by Stan Rosenthal, Terebess Asia Online (TAO).html -> Stan Rosenthal
2026-08-02 00:45:32,523 | INFO | Discovered Tao Te Ching by Anonymous - Terebess Asia Online (TAO).html -> Anonymous
2026-08-02 00:45:32,523 | INFO | Discovered Tao Te Ching by Tao Huang, Terebess Asia Online (TAO).html -> Tao Huang
2026-08-02 00:45:32,523 | INFO | Discovered Tao Te Ching by Witter Bynner, Terebess Asia Online (TAO).html -> Witter Bynner
2026-08-02 00:45:32,523 | INFO | Skipped Tao Te Ching, English by - Terebess Asia Online (TAO).html: translator name was empty after cleanup
2026-08-02 00:45:32,523 | INFO | Discovered Tao Te Ching, English by Aleister Crowley - Terebess Asia Online (TAO).html -> Aleister Crowley
2026-08-02 00:45:32,523 | INFO | Discovered Tao Te Ching, English by Archie J. Bahm - Terebess Asia Online (TAO).html -> Archie J. Bahm
2026-08-02 00:45:32,523 | INFO | Discovered Tao Te Ching, English by Arthur Waley - Terebess Asia Online (TAO).html -> Arthur Waley
2026-08-02 00:45:32,523 | INFO | Discovered Tao Te Ching, English by Bart Marshall - Terebess Asia Online (TAO).html -> Bart Marshall
2026-08-02 00:45:32,524 | INFO | Discovered Tao Te Ching, English by C. Ganson - Terebess Asia Online (TAO).html -> C. Ganson
2026-08-02 00:45:32,524 | INFO | Discovered Tao Te Ching, English by Chad Hansen, Terebess Asia Online (TAO).html -> Chad Hansen
2026-08-02 00:45:32,524 | INFO | Discovered Tao Te Ching, English by Chang Chung-yuan - Terebess Asia Online (TAO).html -> Chang Chung-yuan
2026-08-02 00:45:32,524 | INFO | Discovered Tao Te Ching, English by Chao-Hsiu Chen - Terebess Asia Online (TAO).html -> Chao-Hsiu Chen
2026-08-02 00:45:32,524 | INFO | Discovered Tao Te Ching, English by Chou-Wing Chohan - Terebess Asia Online (TAO).html -> Chou-Wing Chohan
2026-08-02 00:45:32,524 | INFO | Discovered Tao Te Ching, English by D. C. Lau, Terebess Asia Online (TAO).html -> D. C. Lau
2026-08-02 00:45:32,524 | INFO | Discovered Tao Te Ching, English by David Bullen - Terebess Asia Online (TAO).html -> David Bullen
2026-08-02 00:45:32,524 | INFO | Discovered Tao Te Ching, English by David Hong Cheng - Terebess Asia Online (TAO).html -> David Hong Cheng
2026-08-02 00:45:32,524 | INFO | Discovered Tao Te Ching, English by David Lindauer, Terebess Asia Online (TAO).html -> David Lindauer
2026-08-02 00:45:32,524 | INFO | Discovered Tao Te Ching, English by David Tuffley - Terebess Asia Online (TAO).html -> David Tuffley
2026-08-02 00:45:32,525 | INFO | Discovered Tao Te Ching, English by Derek Bryce - Terebess Asia Online (TAO).html -> Derek Bryce
2026-08-02 00:45:32,525 | INFO | Discovered Tao Te Ching, English by Derek Lin, Terebess Asia Online (TAO).html -> Derek Lin
2026-08-02 00:45:32,525 | INFO | Discovered Tao Te Ching, English by Eiichi Shimomissé - Terebess Asia Online (TAO).html -> Eiichi Shimomissé
2026-08-02 00:45:32,525 | INFO | Discovered Tao Te Ching, English by Ellen Marie Chen - Terebess Asia Online (TAO).html -> Ellen Marie Chen
2026-08-02 00:45:32,525 | INFO | Discovered Tao Te Ching, English by Gia-fu Feng and Jane English, Terebess Asia Online (TAO).html -> Gia-fu Feng and Jane English
2026-08-02 00:45:32,525 | INFO | Discovered Tao Te Ching, English by I.W.Heysinger - Terebess Asia Online (TAO).html -> I.W.Heysinger
2026-08-02 00:45:32,525 | INFO | Discovered Tao Te Ching, English by J. L. A. Trottier, Terebess Asia Online (TAO).html -> J. L. A. Trottier
2026-08-02 00:45:32,525 | INFO | Discovered Tao Te Ching, English by J.J.L. Duyvendak - Terebess Asia Online (TAO).html -> J.J.L. Duyvendak
2026-08-02 00:45:32,525 | INFO | Discovered Tao Te Ching, English by James Legge, Terebess Asia Online (TAO).html -> James Legge
2026-08-02 00:45:32,526 | INFO | Discovered Tao Te Ching, English by Jerry C. Welch, Terebess Asia Online (TAO).html -> Jerry C. Welch
2026-08-02 00:45:32,526 | INFO | Discovered Tao Te Ching, English by Jim Clatfelder, Terebess Asia Online (TAO).html -> Jim Clatfelder
2026-08-02 00:45:32,526 | INFO | Discovered Tao Te Ching, English by John C. H. Wu, Terebess Asia Online (TAO).html -> John C. H. Wu
2026-08-02 00:45:32,526 | INFO | Discovered Tao Te Ching, English by John H. McDonald, Terebess Asia Online (TAO).html -> John H. McDonald
2026-08-02 00:45:32,526 | INFO | Discovered Tao Te Ching, English by John Mabry,Terebess Asia Online (TAO).html -> John Mabry
2026-08-02 00:45:32,526 | INFO | Discovered Tao Te Ching, English by John WorldPeace, Terebess Asia Online (TAO).html -> John WorldPeace
2026-08-02 00:45:32,526 | INFO | Discovered Tao Te Ching, English by Kwok, Palmer, Ramsay, Terebess Asia Online (TAO).html -> Kwok, Palmer, Ramsay
2026-08-02 00:45:32,526 | INFO | Discovered Tao Te Ching, English by Lin Yutang, Terebess Asia Online (TAO).html -> Lin Yutang
2026-08-02 00:45:32,526 | INFO | Discovered Tao Te Ching, English by Liu Qixuan, Terebess Asia Online (TAO).html -> Liu Qixuan
2026-08-02 00:45:32,526 | INFO | Discovered Tao Te Ching, English by Michael LaFargue - Terebess Asia Online (TAO).html -> Michael LaFargue
2026-08-02 00:45:32,527 | INFO | Discovered Tao Te Ching, English by Ned Ludd, Terebess Asia Online (TAO).html -> Ned Ludd
2026-08-02 00:45:32,527 | INFO | Discovered Tao Te Ching, English by Octavian Sarbatoare, Terebess Asia Online (TAO).html -> Octavian Sarbatoare
2026-08-02 00:45:32,527 | INFO | Discovered Tao Te Ching, English by Patrick E. Moran, Terebess Asia Online (TAO).html -> Patrick E. Moran
2026-08-02 00:45:32,527 | INFO | Discovered Tao Te Ching, English by Paul J. Lin - Terebess Asia Online (TAO).html -> Paul J. Lin
2026-08-02 00:45:32,527 | INFO | Discovered Tao Te Ching, English by R. L. Wing - Terebess Asia Online (TAO).html -> R. L. Wing
2026-08-02 00:45:32,527 | INFO | Discovered Tao Te Ching, English by Raymond B. Blakney, Terebess Asia Online (TAO).html -> Raymond B. Blakney
2026-08-02 00:45:32,527 | INFO | Discovered Tao Te Ching, English by Richard John Lynn - Terebess Asia Online (TAO).html -> Richard John Lynn
2026-08-02 00:45:32,527 | INFO | Discovered Tao Te Ching, English by Robert G. Henricks, Terebess Asia Online (TAO).html -> Robert G. Henricks
2026-08-02 00:45:32,527 | INFO | Discovered Tao Te Ching, English by Ron Hogan, Terebess Asia Online (TAO).html -> Ron Hogan
2026-08-02 00:45:32,528 | INFO | Discovered Tao Te Ching, English by Sanderson Beck - Terebess Asia Online (TAO).html -> Sanderson Beck
2026-08-02 00:45:32,528 | INFO | Discovered Tao Te Ching, English by Stephen Addiss & Stanley Lombardo - Terebess Asia Online (TAO).html -> Addiss & Lombardo
2026-08-02 00:45:32,528 | INFO | Discovered Tao Te Ching, English by Stephen Mitchell, Terebess Asia Online (TAO).html -> Stephen Mitchell
2026-08-02 00:45:32,528 | INFO | Discovered Tao Te Ching, English by Tam C. Gibbs Terebess Asia Online (TAO).html -> Tam C. Gibbs
2026-08-02 00:45:32,528 | INFO | Discovered Tao Te Ching, English by Ted Wrigley, Terebess Asia Online (TAO).html -> Ted Wrigley
2026-08-02 00:45:32,528 | INFO | Discovered Tao Te Ching, English by Thomas Cleary - Terebess Asia Online (TAO).html -> Thomas Cleary
2026-08-02 00:45:32,528 | INFO | Discovered Tao Te Ching, English by Tienzen (Jeh-Tween) Gong Terebess Asia Online (TAO).html -> Tienzen (Jeh-Tween) Gong
2026-08-02 00:45:32,528 | INFO | Discovered Tao Te Ching, English by Tolbert McCarrol, Terebess Asia Online (TAO).html -> Tolbert McCarrol
2026-08-02 00:45:32,528 | INFO | Discovered Tao Te Ching, English by Tom Kunesh, Terebess Asia Online (TAO).html -> Tom Kunesh
2026-08-02 00:45:32,529 | INFO | Discovered Tao Te Ching, English by Tormond Byrn, Terebess Asia Online (TAO).html -> Tormond Byrn
2026-08-02 00:45:32,529 | INFO | Discovered Tao Te Ching, English by Victor H. Mair, Terebess Asia Online (TAO).html -> Victor H. Mair
2026-08-02 00:45:32,529 | INFO | Discovered Tao Te Ching, English by Wing-Tsit Chan - Terebess Asia Online (TAO).html -> Wing-Tsit Chan
2026-08-02 00:45:32,529 | INFO | Discovered Tao Te Ching, English by Yi Wu, Terebess Asia Online (TAO).html -> Yi Wu
2026-08-02 00:45:32,529 | INFO | Discovered Tao Te Ching, English by rivenrock.com - Terebess Asia Online (TAO).html -> rivenrock.com
2026-08-02 00:45:32,529 | INFO | Discovered The Project Gutenberg eBook of Dao De Jing, by Lao Zi.html -> Lao Zi
2026-08-02 00:45:32,529 | INFO | Skipped Wayback Machine.html: filename does not look like a Tao Te Ching translation
2026-08-02 00:45:32,620 | INFO | Aalar Fex: validation passed
2026-08-02 00:45:32,620 | INFO | Aalar Fex: wrote Aalar_Fex.txt
2026-08-02 00:45:32,669 | INFO | Addiss & Lombardo: validation passed
2026-08-02 00:45:32,669 | INFO | Addiss & Lombardo: wrote Addiss_and_Lombardo.txt
2026-08-02 00:45:32,733 | INFO | Agnieszka Solska: validation passed
2026-08-02 00:45:32,733 | INFO | Agnieszka Solska: wrote Agnieszka_Solska.txt
2026-08-02 00:45:32,804 | INFO | Alan B. Taplow: validation passed
2026-08-02 00:45:32,804 | INFO | Alan B. Taplow: wrote Alan_B_Taplow.txt
2026-08-02 00:45:32,874 | INFO | Alan Sheets & Barbara Tovey: validation passed
2026-08-02 00:45:32,874 | INFO | Alan Sheets & Barbara Tovey: wrote Alan_Sheets_and_Barbara_Tovey.txt
2026-08-02 00:45:32,934 | INFO | Aleister Crowley: validation passed
2026-08-02 00:45:32,935 | INFO | Aleister Crowley: wrote Aleister_Crowley.txt
2026-08-02 00:45:32,974 | INFO | Andre Gauthier: validation passed
2026-08-02 00:45:32,974 | INFO | Andre Gauthier: wrote Andre_Gauthier.txt
2026-08-02 00:45:33,042 | INFO | Anonymous: validation passed
2026-08-02 00:45:33,042 | INFO | Anonymous: wrote Anonymous.txt
2026-08-02 00:45:33,096 | INFO | Archie J. Bahm: validation passed
2026-08-02 00:45:33,096 | INFO | Archie J. Bahm: wrote Archie_J_Bahm.txt
2026-08-02 00:45:33,170 | INFO | Arthur Waley: validation passed
2026-08-02 00:45:33,171 | INFO | Arthur Waley: wrote Arthur_Waley.txt
2026-08-02 00:45:33,242 | INFO | Bart Marshall: validation passed
2026-08-02 00:45:33,242 | INFO | Bart Marshall: wrote Bart_Marshall.txt
2026-08-02 00:45:33,307 | INFO | Bradford Hatcher: validation passed
2026-08-02 00:45:33,308 | INFO | Bradford Hatcher: wrote Bradford_Hatcher.txt
2026-08-02 00:45:33,379 | INFO | Bram den Hond: validation passed
2026-08-02 00:45:33,379 | INFO | Bram den Hond: wrote Bram_den_Hond.txt
2026-08-02 00:45:33,422 | INFO | Brian Browne Walker: validation passed
2026-08-02 00:45:33,422 | INFO | Brian Browne Walker: wrote Brian_Browne_Walker.txt
2026-08-02 00:45:33,544 | INFO | Brian Donohue: validation passed
2026-08-02 00:45:33,544 | INFO | Brian Donohue: wrote Brian_Donohue.txt
2026-08-02 00:45:33,612 | INFO | C. Ganson: validation passed
2026-08-02 00:45:33,613 | INFO | C. Ganson: wrote C_Ganson.txt
2026-08-02 00:45:33,662 | INFO | C. Spurgeon Medhurst: validation passed
2026-08-02 00:45:33,662 | INFO | C. Spurgeon Medhurst: wrote C_Spurgeon_Medhurst.txt
2026-08-02 00:45:33,709 | INFO | Ch'u Ta-Kao: validation passed
2026-08-02 00:45:33,710 | INFO | Ch'u Ta-Kao: wrote Ch_u_Ta_Kao.txt
2026-08-02 00:45:33,771 | INFO | Chad Hansen: validation passed
2026-08-02 00:45:33,772 | INFO | Chad Hansen: wrote Chad_Hansen.txt
2026-08-02 00:45:33,838 | INFO | Chang Chung-yuan: validation passed
2026-08-02 00:45:33,838 | INFO | Chang Chung-yuan: wrote Chang_Chung_yuan.txt
2026-08-02 00:45:33,902 | INFO | Chao-Hsiu Chen: validation passed
2026-08-02 00:45:33,902 | INFO | Chao-Hsiu Chen: wrote Chao_Hsiu_Chen.txt
2026-08-02 00:45:33,967 | INFO | Chichung Huang: validation passed
2026-08-02 00:45:33,967 | INFO | Chichung Huang: wrote Chichung_Huang.txt
2026-08-02 00:45:34,033 | INFO | Chou-Wing Chohan: validation passed
2026-08-02 00:45:34,033 | INFO | Chou-Wing Chohan: wrote Chou_Wing_Chohan.txt
2026-08-02 00:45:34,098 | INFO | D. C. Lau: validation passed
2026-08-02 00:45:34,098 | INFO | D. C. Lau: wrote D_C_Lau.txt
2026-08-02 00:45:34,155 | INFO | D.T. Suzuki & Paul Carus: validation passed
2026-08-02 00:45:34,155 | INFO | D.T. Suzuki & Paul Carus: wrote D_T_Suzuki_and_Paul_Carus.txt
2026-08-02 00:45:34,198 | INFO | David Bullen: validation passed
2026-08-02 00:45:34,199 | INFO | David Bullen: wrote David_Bullen.txt
2026-08-02 00:45:34,252 | INFO | David H. Li: validation passed
2026-08-02 00:45:34,252 | INFO | David H. Li: wrote David_H_Li.txt
2026-08-02 00:45:34,308 | INFO | David Hinton: validation passed
2026-08-02 00:45:34,308 | INFO | David Hinton: wrote David_Hinton.txt
2026-08-02 00:45:34,376 | INFO | David Hong Cheng: validation passed
2026-08-02 00:45:34,377 | INFO | David Hong Cheng: wrote David_Hong_Cheng.txt
2026-08-02 00:45:34,450 | INFO | David Lindauer: validation passed
2026-08-02 00:45:34,451 | INFO | David Lindauer: wrote David_Lindauer.txt
2026-08-02 00:45:34,451 | INFO | David Tuffley: primary parse weak (0 fragments), trying fallback.
2026-08-02 00:45:34,487 | ERROR | David Tuffley: missing chapters [1, 2, 3, 4, 5, 6, 7, 8, 9, 10, 11, 12, 13, 14, 15, 16, 17, 18, 19, 20, 21, 22, 23, 24, 25, 26, 27, 28, 29, 30, 31, 32, 33, 34, 35, 36, 37, 38, 39, 40, 41, 42, 43, 44, 45, 46, 47, 48, 49, 50, 51, 52, 53, 54, 55, 56, 57, 58, 59, 60, 61, 62, 63, 64, 65, 66, 67, 68, 69, 70, 71, 72, 73, 74, 75, 76, 77, 78, 79, 80]
2026-08-02 00:45:34,547 | INFO | Derek Bryce: validation passed
2026-08-02 00:45:34,548 | INFO | Derek Bryce: wrote Derek_Bryce.txt
2026-08-02 00:45:34,728 | INFO | Derek Lin: validation passed
2026-08-02 00:45:34,728 | INFO | Derek Lin: wrote Derek_Lin.txt
2026-08-02 00:45:34,798 | INFO | Dwight Goddard: validation passed
2026-08-02 00:45:34,799 | INFO | Dwight Goddard: wrote Dwight_Goddard.txt
2026-08-02 00:45:34,800 | INFO | Eiichi Shimomissé: primary parse weak (0 fragments), trying fallback.
2026-08-02 00:45:34,874 | ERROR | Eiichi Shimomissé: missing chapters [67, 68, 69, 70, 71, 72, 73, 74, 75, 76, 77, 78, 79, 80, 81]
2026-08-02 00:45:34,995 | INFO | Ellen Marie Chen: validation passed
2026-08-02 00:45:34,995 | INFO | Ellen Marie Chen: wrote Ellen_Marie_Chen.txt
2026-08-02 00:45:35,042 | INFO | Frank J. MacHovec: validation passed
2026-08-02 00:45:35,042 | INFO | Frank J. MacHovec: wrote Frank_J_MacHovec.txt
2026-08-02 00:45:35,100 | INFO | George Cronk: validation passed
2026-08-02 00:45:35,100 | INFO | George Cronk: wrote George_Cronk.txt
2026-08-02 00:45:35,211 | INFO | Gia-fu Feng and Jane English: validation passed
2026-08-02 00:45:35,212 | INFO | Gia-fu Feng and Jane English: wrote Gia_fu_Feng_and_Jane_English.txt
2026-08-02 00:45:35,273 | INFO | Gu Zhengkun: validation passed
2026-08-02 00:45:35,273 | INFO | Gu Zhengkun: wrote Gu_Zhengkun.txt
2026-08-02 00:45:35,334 | INFO | Ha Poong Kim: validation passed
2026-08-02 00:45:35,334 | INFO | Ha Poong Kim: wrote Ha_Poong_Kim.txt
2026-08-02 00:45:35,391 | INFO | Han Hiong Tan: validation passed
2026-08-02 00:45:35,391 | INFO | Han Hiong Tan: wrote Han_Hiong_Tan.txt
2026-08-02 00:45:35,462 | INFO | Henry Wei: validation passed
2026-08-02 00:45:35,462 | INFO | Henry Wei: wrote Henry_Wei.txt
2026-08-02 00:45:35,528 | INFO | Herman Ould: validation passed
2026-08-02 00:45:35,528 | INFO | Herman Ould: wrote Herman_Ould.txt
2026-08-02 00:45:35,590 | INFO | Herrymon Maurer: validation passed
2026-08-02 00:45:35,590 | INFO | Herrymon Maurer: wrote Herrymon_Maurer.txt
2026-08-02 00:45:35,652 | INFO | Hua-Ching Ni: validation passed
2026-08-02 00:45:35,652 | INFO | Hua-Ching Ni: wrote Hua_Ching_Ni.txt
2026-08-02 00:45:35,784 | INFO | I.W.Heysinger: validation passed
2026-08-02 00:45:35,784 | INFO | I.W.Heysinger: wrote I_W_Heysinger.txt
2026-08-02 00:45:35,840 | INFO | Isabella Mears: validation passed
2026-08-02 00:45:35,840 | INFO | Isabella Mears: wrote Isabella_Mears.txt
2026-08-02 00:45:35,978 | INFO | J. L. A. Trottier: validation passed
2026-08-02 00:45:35,979 | INFO | J. L. A. Trottier: wrote J_L_A_Trottier.txt
2026-08-02 00:45:36,033 | INFO | J.J.L. Duyvendak: validation passed
2026-08-02 00:45:36,033 | INFO | J.J.L. Duyvendak: wrote J_J_L_Duyvendak.txt
2026-08-02 00:45:36,100 | INFO | James Legge: validation passed
2026-08-02 00:45:36,100 | INFO | James Legge: wrote James_Legge.txt
2026-08-02 00:45:36,163 | INFO | Jerry C. Welch: validation passed
2026-08-02 00:45:36,164 | INFO | Jerry C. Welch: wrote Jerry_C_Welch.txt
2026-08-02 00:45:36,226 | INFO | Jim Clatfelder: validation passed
2026-08-02 00:45:36,227 | INFO | Jim Clatfelder: wrote Jim_Clatfelder.txt
2026-08-02 00:45:36,297 | INFO | John C. H. Wu: validation passed
2026-08-02 00:45:36,298 | INFO | John C. H. Wu: wrote John_C_H_Wu.txt
2026-08-02 00:45:36,353 | INFO | John Dicus: validation passed
2026-08-02 00:45:36,354 | INFO | John Dicus: wrote John_Dicus.txt
2026-08-02 00:45:36,417 | INFO | John H. McDonald: validation passed
2026-08-02 00:45:36,418 | INFO | John H. McDonald: wrote John_H_McDonald.txt
2026-08-02 00:45:36,470 | INFO | John Heider: validation passed
2026-08-02 00:45:36,470 | INFO | John Heider: wrote John_Heider.txt
2026-08-02 00:45:36,540 | INFO | John Mabry: validation passed
2026-08-02 00:45:36,540 | INFO | John Mabry: wrote John_Mabry.txt
2026-08-02 00:45:36,632 | INFO | John WorldPeace: validation passed
2026-08-02 00:45:36,633 | INFO | John WorldPeace: wrote John_WorldPeace.txt
2026-08-02 00:45:36,691 | INFO | Karl Kromal: validation passed
2026-08-02 00:45:36,691 | INFO | Karl Kromal: wrote Karl_Kromal.txt
2026-08-02 00:45:36,759 | INFO | Keith H. Seddon: validation passed
2026-08-02 00:45:36,759 | INFO | Keith H. Seddon: wrote Keith_H_Seddon.txt
2026-08-02 00:45:36,840 | ERROR | Kwok, Palmer, Ramsay: missing chapters [81]
2026-08-02 00:45:36,850 | INFO | Lao Zi: primary parse weak (1 fragments), trying fallback.
2026-08-02 00:45:37,710 | ERROR | Lao Zi: missing chapters [4, 5, 6, 7, 8, 9, 11, 12, 13, 14, 15, 16, 17, 18, 19, 20, 21, 22, 23, 24, 25, 26, 27, 28, 29, 30, 31, 33, 34, 35, 36, 37, 38, 39, 40, 41, 42, 43, 44, 46, 47, 48, 49, 51, 52, 53, 54, 55, 57, 58, 59, 60, 61, 62, 63, 64, 65, 68, 69, 70, 71, 72, 73, 74, 75, 76, 77, 78, 79, 80, 81]
2026-08-02 00:45:37,785 | ERROR | Lin Yutang: missing chapters [39]
2026-08-02 00:45:37,900 | INFO | Liu Qixuan: validation passed
2026-08-02 00:45:37,900 | INFO | Liu Qixuan: wrote Liu_Qixuan.txt
2026-08-02 00:45:37,951 | INFO | Michael LaFargue: validation passed
2026-08-02 00:45:37,951 | INFO | Michael LaFargue: wrote Michael_LaFargue.txt
2026-08-02 00:45:38,013 | INFO | Mikhail Nikolenko: validation passed
2026-08-02 00:45:38,014 | INFO | Mikhail Nikolenko: wrote Mikhail_Nikolenko.txt
2026-08-02 00:45:38,054 | ERROR | Ned Ludd: missing chapters [33]
2026-08-02 00:45:38,055 | INFO | Octavian Sarbatoare: primary parse weak (28 fragments), trying fallback.
2026-08-02 00:45:38,099 | INFO | Octavian Sarbatoare: validation passed
2026-08-02 00:45:38,100 | INFO | Octavian Sarbatoare: wrote Octavian_Sarbatoare.txt
2026-08-02 00:45:38,142 | INFO | Patrick E. Moran: validation passed
2026-08-02 00:45:38,142 | INFO | Patrick E. Moran: wrote Patrick_E_Moran.txt
2026-08-02 00:45:38,207 | INFO | Paul J. Lin: validation passed
2026-08-02 00:45:38,207 | INFO | Paul J. Lin: wrote Paul_J_Lin.txt
2026-08-02 00:45:38,286 | INFO | R. L. Wing: validation passed
2026-08-02 00:45:38,286 | INFO | R. L. Wing: wrote R_L_Wing.txt
2026-08-02 00:45:38,287 | INFO | R.L. Wing: primary parse weak (0 fragments), trying fallback.
2026-08-02 00:45:38,311 | ERROR | R.L. Wing: missing chapters [1, 2, 3, 4, 5, 6, 7, 8, 9, 10, 11, 12, 13, 14, 15, 17, 18, 19, 22, 23, 24, 25, 26, 27, 28, 29, 30, 31, 32, 33, 34, 35, 36, 37, 38, 39, 40, 41, 42, 43, 44, 45, 46, 47, 48, 49, 50, 51, 52, 53, 54, 55, 56, 57, 58, 59, 60, 61, 62, 63, 64, 65, 66, 67, 68, 69, 70, 71, 72, 73, 74, 75, 76, 77, 78, 79, 80, 81]
2026-08-02 00:45:38,345 | INFO | Ray Larose: validation passed
2026-08-02 00:45:38,345 | INFO | Ray Larose: wrote Ray_Larose.txt
2026-08-02 00:45:38,426 | INFO | Raymond B. Blakney: validation passed
2026-08-02 00:45:38,427 | INFO | Raymond B. Blakney: wrote Raymond_B_Blakney.txt
2026-08-02 00:45:38,482 | INFO | Ren Jiyu: validation passed
2026-08-02 00:45:38,482 | INFO | Ren Jiyu: wrote Ren_Jiyu.txt
2026-08-02 00:45:38,542 | INFO | Richard John Lynn: validation passed
2026-08-02 00:45:38,543 | INFO | Richard John Lynn: wrote Richard_John_Lynn.txt
2026-08-02 00:45:38,612 | INFO | Robert G. Henricks: validation passed
2026-08-02 00:45:38,613 | INFO | Robert G. Henricks: wrote Robert_G_Henricks.txt
2026-08-02 00:45:38,684 | INFO | Ron Hogan: validation passed
2026-08-02 00:45:38,685 | INFO | Ron Hogan: wrote Ron_Hogan.txt
2026-08-02 00:45:38,752 | INFO | Sanderson Beck: validation passed
2026-08-02 00:45:38,752 | INFO | Sanderson Beck: wrote Sanderson_Beck.txt
2026-08-02 00:45:38,801 | INFO | Schmidt: validation passed
2026-08-02 00:45:38,801 | INFO | Schmidt: wrote Schmidt.txt
2026-08-02 00:45:38,865 | INFO | Shi Fu Hwang: validation passed
2026-08-02 00:45:38,865 | INFO | Shi Fu Hwang: wrote Shi_Fu_Hwang.txt
2026-08-02 00:45:38,941 | INFO | Stan Rosenthal: validation passed
2026-08-02 00:45:38,941 | INFO | Stan Rosenthal: wrote Stan_Rosenthal.txt
2026-08-02 00:45:39,013 | INFO | Stephen Mitchell: validation passed
2026-08-02 00:45:39,014 | INFO | Stephen Mitchell: wrote Stephen_Mitchell.txt
2026-08-02 00:45:39,066 | ERROR | Tam C. Gibbs: missing chapters [1]
2026-08-02 00:45:39,121 | INFO | Tang Zi-chang: validation passed
2026-08-02 00:45:39,121 | INFO | Tang Zi-chang: wrote Tang_Zi_chang.txt
2026-08-02 00:45:39,174 | INFO | Tao Huang: validation passed
2026-08-02 00:45:39,175 | INFO | Tao Huang: wrote Tao_Huang.txt
2026-08-02 00:45:39,233 | INFO | Ted Wrigley: validation passed
2026-08-02 00:45:39,234 | INFO | Ted Wrigley: wrote Ted_Wrigley.txt
2026-08-02 00:45:39,306 | INFO | Thomas Cleary: validation passed
2026-08-02 00:45:39,306 | INFO | Thomas Cleary: wrote Thomas_Cleary.txt
2026-08-02 00:45:39,374 | INFO | Thomas Z. Zhang: validation passed
2026-08-02 00:45:39,374 | INFO | Thomas Z. Zhang: wrote Thomas_Z_Zhang.txt
2026-08-02 00:45:39,425 | INFO | Tien Cong Tran: validation passed
2026-08-02 00:45:39,425 | INFO | Tien Cong Tran: wrote Tien_Cong_Tran.txt
2026-08-02 00:45:39,476 | INFO | Tienzen (Jeh-Tween) Gong: validation passed
2026-08-02 00:45:39,476 | INFO | Tienzen (Jeh-Tween) Gong: wrote Tienzen_Jeh_Tween_Gong.txt
2026-08-02 00:45:39,541 | INFO | Tolbert McCarrol: validation passed
2026-08-02 00:45:39,541 | INFO | Tolbert McCarrol: wrote Tolbert_McCarrol.txt
2026-08-02 00:45:39,616 | INFO | Tom Kunesh: validation passed
2026-08-02 00:45:39,617 | INFO | Tom Kunesh: wrote Tom_Kunesh.txt
2026-08-02 00:45:39,681 | INFO | Tormond Byrn: validation passed
2026-08-02 00:45:39,681 | INFO | Tormond Byrn: wrote Tormond_Byrn.txt
2026-08-02 00:45:39,749 | INFO | Victor H. Mair: validation passed
2026-08-02 00:45:39,749 | INFO | Victor H. Mair: wrote Victor_H_Mair.txt
2026-08-02 00:45:39,800 | INFO | Walter Gorn-Old: validation passed
2026-08-02 00:45:39,800 | INFO | Walter Gorn-Old: wrote Walter_Gorn_Old.txt
2026-08-02 00:45:39,878 | INFO | William Martin: validation passed
2026-08-02 00:45:39,878 | INFO | William Martin: wrote William_Martin.txt
2026-08-02 00:45:39,931 | INFO | Wing-Tsit Chan: validation passed
2026-08-02 00:45:39,931 | INFO | Wing-Tsit Chan: wrote Wing_Tsit_Chan.txt
2026-08-02 00:45:40,004 | INFO | Witter Bynner: validation passed
2026-08-02 00:45:40,004 | INFO | Witter Bynner: wrote Witter_Bynner.txt
2026-08-02 00:45:40,070 | INFO | Xiaolin Yang: validation passed
2026-08-02 00:45:40,070 | INFO | Xiaolin Yang: wrote Xiaolin_Yang.txt
2026-08-02 00:45:40,130 | INFO | Yasuhiko Genku Kimura: validation passed
2026-08-02 00:45:40,130 | INFO | Yasuhiko Genku Kimura: wrote Yasuhiko_Genku_Kimura.txt
2026-08-02 00:45:40,195 | INFO | Yi Wu: validation passed
2026-08-02 00:45:40,196 | INFO | Yi Wu: wrote Yi_Wu.txt
2026-08-02 00:45:40,196 | INFO | rivenrock.com: primary parse weak (0 fragments), trying fallback.
2026-08-02 00:45:40,231 | INFO | rivenrock.com: validation passed
2026-08-02 00:45:40,232 | INFO | rivenrock.com: wrote rivenrock_com.txt
2026-08-02 00:45:40,232 | INFO | Selected 20 translators for Books 5-8
2026-08-02 00:45:40,232 | INFO | Generating PDF: Book_5_Aalar_Fex_Agnieszka_Solska_Alan_B_Taplow_Alan_Sheets_and_Barbara_Tovey_Andre_Gauthier.pdf
2026-08-02 00:46:59,112 | WARNING | Alan Sheets & Barbara Tovey chapter 20: using smallest font and best-effort split
2026-08-02 00:47:55,821 | WARNING | Aalar Fex chapter 31: using smallest font and best-effort split
2026-08-02 00:48:20,290 | WARNING | Aalar Fex chapter 38: using smallest font and best-effort split
2026-08-02 00:48:35,056 | WARNING | Alan B. Taplow chapter 38: using smallest font and best-effort split
2026-08-02 00:48:42,868 | WARNING | Alan Sheets & Barbara Tovey chapter 38: using smallest font and best-effort split
2026-08-02 00:48:56,376 | WARNING | Aalar Fex chapter 39: using smallest font and best-effort split
2026-08-02 00:49:04,360 | WARNING | Agnieszka Solska chapter 39: using smallest font and best-effort split
2026-08-02 00:49:12,422 | WARNING | Alan B. Taplow chapter 39: using smallest font and best-effort split
2026-08-02 00:51:00,625 | WARNING | Alan B. Taplow chapter 64: using smallest font and best-effort split
2026-08-02 00:51:31,307 | WARNING | Alan B. Taplow chapter 67: using smallest font and best-effort split
2026-08-02 00:51:50,492 | INFO | Generated Book_5_Aalar_Fex_Agnieszka_Solska_Alan_B_Taplow_Alan_Sheets_and_Barbara_Tovey_Andre_Gauthier.pdf
2026-08-02 00:51:50,492 | INFO | Generating PDF: Book_6_Arthur_Waley_Bart_Marshall_Bradford_Hatcher_Bram_den_Hond_Brian_Browne_Walker.pdf
2026-08-02 00:53:04,822 | WARNING | Bram den Hond chapter 20: using smallest font and best-effort split
2026-08-02 00:54:37,051 | WARNING | Bram den Hond chapter 38: using smallest font and best-effort split
2026-08-02 00:54:47,793 | WARNING | Arthur Waley chapter 39: using smallest font and best-effort split
2026-08-02 00:55:00,723 | WARNING | Bradford Hatcher chapter 39: using smallest font and best-effort split
2026-08-02 00:55:09,035 | WARNING | Bram den Hond chapter 39: using smallest font and best-effort split
2026-08-02 00:56:42,180 | WARNING | Bram den Hond chapter 64: using smallest font and best-effort split
2026-08-02 00:56:59,345 | WARNING | Bram den Hond chapter 67: using smallest font and best-effort split
2026-08-02 00:57:07,177 | INFO | Generated Book_6_Arthur_Waley_Bart_Marshall_Bradford_Hatcher_Bram_den_Hond_Brian_Browne_Walker.pdf
2026-08-02 00:57:07,178 | INFO | Generating PDF: Book_7_Brian_Donohue_C_Ganson_C_Spurgeon_Medhurst_Ch_u_Ta_Kao_Chad_Hansen.pdf
2026-08-02 00:57:15,197 | WARNING | Brian Donohue chapter 1: using smallest font and best-effort split
2026-08-02 00:57:23,124 | WARNING | Brian Donohue chapter 2: using smallest font and best-effort split
2026-08-02 00:57:31,906 | WARNING | Brian Donohue chapter 3: using smallest font and best-effort split
2026-08-02 00:57:45,996 | WARNING | Brian Donohue chapter 8: using smallest font and best-effort split
2026-08-02 00:57:53,518 | WARNING | Brian Donohue chapter 9: using smallest font and best-effort split
2026-08-02 00:58:04,796 | WARNING | Brian Donohue chapter 11: using smallest font and best-effort split
2026-08-02 00:58:17,599 | WARNING | Brian Donohue chapter 13: using smallest font and best-effort split
2026-08-02 00:58:27,943 | WARNING | Brian Donohue chapter 15: using smallest font and best-effort split
2026-08-02 00:58:41,359 | WARNING | Brian Donohue chapter 16: using smallest font and best-effort split
2026-08-02 00:58:53,771 | WARNING | Brian Donohue chapter 18: using smallest font and best-effort split
2026-08-02 00:59:04,062 | WARNING | Brian Donohue chapter 20: using smallest font and best-effort split
2026-08-02 00:59:21,410 | WARNING | Brian Donohue chapter 21: using smallest font and best-effort split
2026-08-02 00:59:44,023 | WARNING | Brian Donohue chapter 24: using smallest font and best-effort split
2026-08-02 00:59:52,248 | WARNING | Brian Donohue chapter 25: using smallest font and best-effort split
2026-08-02 01:00:04,311 | WARNING | Brian Donohue chapter 26: using smallest font and best-effort split
2026-08-02 01:00:12,566 | WARNING | Brian Donohue chapter 27: using smallest font and best-effort split
2026-08-02 01:00:23,105 | WARNING | Brian Donohue chapter 28: using smallest font and best-effort split
2026-08-02 01:00:35,496 | WARNING | Brian Donohue chapter 30: using smallest font and best-effort split
2026-08-02 01:00:45,072 | WARNING | Brian Donohue chapter 31: using smallest font and best-effort split
2026-08-02 01:01:06,251 | WARNING | Brian Donohue chapter 34: using smallest font and best-effort split
2026-08-02 01:01:14,513 | WARNING | Brian Donohue chapter 37: using smallest font and best-effort split
2026-08-02 01:01:23,618 | WARNING | Brian Donohue chapter 38: using smallest font and best-effort split
2026-08-02 01:01:40,661 | WARNING | Chad Hansen chapter 38: using smallest font and best-effort split
2026-08-02 01:01:49,075 | WARNING | Brian Donohue chapter 39: using smallest font and best-effort split
2026-08-02 01:02:08,499 | WARNING | Chad Hansen chapter 39: using smallest font and best-effort split
2026-08-02 01:02:17,109 | WARNING | Brian Donohue chapter 41: using smallest font and best-effort split
2026-08-02 01:02:43,995 | WARNING | Brian Donohue chapter 42: using smallest font and best-effort split
2026-08-02 01:02:52,338 | WARNING | Brian Donohue chapter 43: using smallest font and best-effort split
2026-08-02 01:03:00,046 | WARNING | Brian Donohue chapter 44: using smallest font and best-effort split
2026-08-02 01:03:07,656 | WARNING | Brian Donohue chapter 45: using smallest font and best-effort split
2026-08-02 01:03:20,703 | WARNING | Brian Donohue chapter 47: using smallest font and best-effort split
2026-08-02 01:03:28,539 | WARNING | Brian Donohue chapter 48: using smallest font and best-effort split
2026-08-02 01:03:36,361 | WARNING | Brian Donohue chapter 49: using smallest font and best-effort split
2026-08-02 01:03:46,639 | WARNING | Brian Donohue chapter 51: using smallest font and best-effort split
2026-08-02 01:03:56,697 | WARNING | Brian Donohue chapter 52: using smallest font and best-effort split
2026-08-02 01:04:05,662 | WARNING | Brian Donohue chapter 53: using smallest font and best-effort split
2026-08-02 01:04:22,328 | WARNING | Brian Donohue chapter 55: using smallest font and best-effort split
2026-08-02 01:04:32,495 | WARNING | Brian Donohue chapter 56: using smallest font and best-effort split
2026-08-02 01:04:40,388 | WARNING | Brian Donohue chapter 57: using smallest font and best-effort split
2026-08-02 01:04:55,895 | WARNING | Brian Donohue chapter 58: using smallest font and best-effort split
2026-08-02 01:05:03,982 | WARNING | Brian Donohue chapter 59: using smallest font and best-effort split
2026-08-02 01:05:11,995 | WARNING | Brian Donohue chapter 60: using smallest font and best-effort split
2026-08-02 01:05:20,070 | WARNING | Brian Donohue chapter 61: using smallest font and best-effort split
2026-08-02 01:05:28,259 | WARNING | Brian Donohue chapter 62: using smallest font and best-effort split
2026-08-02 01:05:42,064 | WARNING | Brian Donohue chapter 64: using smallest font and best-effort split
2026-08-02 01:05:58,578 | WARNING | Brian Donohue chapter 65: using smallest font and best-effort split
2026-08-02 01:06:06,407 | WARNING | Brian Donohue chapter 66: using smallest font and best-effort split
2026-08-02 01:06:14,751 | WARNING | Brian Donohue chapter 67: using smallest font and best-effort split
2026-08-02 01:06:37,011 | WARNING | Brian Donohue chapter 70: using smallest font and best-effort split
2026-08-02 01:06:59,677 | WARNING | Brian Donohue chapter 77: using smallest font and best-effort split
2026-08-02 01:07:07,906 | WARNING | Brian Donohue chapter 80: using smallest font and best-effort split
2026-08-02 01:07:17,813 | WARNING | Chad Hansen chapter 81: using smallest font and best-effort split
2026-08-02 01:07:17,901 | INFO | Generated Book_7_Brian_Donohue_C_Ganson_C_Spurgeon_Medhurst_Ch_u_Ta_Kao_Chad_Hansen.pdf
2026-08-02 01:07:17,901 | INFO | Generating PDF: Book_8_Chang_Chung_yuan_Chichung_Huang_D_C_Lau_D_T_Suzuki_and_Paul_Carus_David_H_Li.pdf
2026-08-02 01:08:55,512 | WARNING | Chichung Huang chapter 38: using smallest font and best-effort split
2026-08-02 01:09:23,024 | WARNING | Chichung Huang chapter 39: using smallest font and best-effort split
2026-08-02 01:10:36,241 | WARNING | Chichung Huang chapter 64: using smallest font and best-effort split
2026-08-02 01:11:05,635 | INFO | Generated Book_8_Chang_Chung_yuan_Chichung_Huang_D_C_Lau_D_T_Suzuki_and_Paul_Carus_David_H_Li.pdf
2026-08-02 01:11:05,649 | INFO | Wrote 81 mega chapter files
2026-08-02 01:11:05,650 | INFO | Done in 1533.13s
